// Jest Snapshot v1, https://goo.gl/fbAQLP

exports[`Test en <GetItem /> Debe coincidir con el snapshot 1`] = `
<div>
  <div
    class="card"
  >
    <img
      alt="gif"
      src="http://www.starwar.com/starwar.jpg"
    />
    <p
      data-testid="test-title"
    >
       
      Star Wars
    </p>
    <div
      class="boton"
    >
      <button>
         Quitar gif
      </button>
    </div>
  </div>
</div>
`;
